Microchip MPLAB XC8 Compiler V2.32

Linker command line:

-W-3 --edf=C:\Program Files\Microchip\xc8\v2.32\pic\dat\en_msgs.txt -cn \
  -h+dist/default/production\once.X.production.sym \
  --cmf=dist/default/production\once.X.production.cmf -z -Q18F4520 \
  -oC:\Users\ameri\AppData\Local\Temp\xcAseu4.4 --defsym=__MPLAB_BUILD=1 \
  -Mdist/default/production/once.X.production.map -E1 -ver=XC8 Compiler \
  --acfsm=1493 -ASTACK=080h-05FFh -pstack=STACK -ACODE=00h-07FFFh \
  -ACONST=00h-07FFFh -ASMALLCONST=0600h-06FFhx122 \
  -AMEDIUMCONST=0600h-07FFFh -ACOMRAM=01h-07Fh -AABS1=00h-05FFh \
  -ABIGRAM=01h-05FFh -ARAM=080h-0FFh,0100h-01FFhx5 -ABANK0=080h-0FFh \
  -ABANK1=0100h-01FFh -ABANK2=0200h-02FFh -ABANK3=0300h-03FFh \
  -ABANK4=0400h-04FFh -ABANK5=0500h-05FFh -ASFR=0F80h-0FFFh \
  -ACONFIG=0300000h-030000Dh -AIDLOC=0200000h-0200007h \
  -AEEDATA=0F00000h-0F000FFh -peeprom_data=EEDATA \
  -preset_vec=00h,intcode,intcodelo,powerup,init -pramtop=0600h \
  -psmallconst=SMALLCONST -pmediumconst=MEDIUMCONST -pconst=CONST \
  -AFARRAM=00h-00h \
  -prdata=COMRAM,nvrram=COMRAM,nvbit=COMRAM,rbss=COMRAM,rbit=COMRAM \
  -pfarbss=FARRAM,fardata=FARRAM,nvFARRAM=FARRAM \
  -pintsave_regs=BIGRAM,bigbss=BIGRAM,bigdata=BIGRAM -pbss=RAM \
  -pidata=CODE,irdata=CODE,ibigdata=CODE,ifardata=CODE -prparam=COMRAM \
  C:\Users\ameri\AppData\Local\Temp\xcAseu4.o \
  dist/default/production\once.X.production.o 

Object code version is 3.11

Machine type is 18F4520



                Name                               Link     Load   Length Selector   Space Scale
C:\Users\ameri\AppData\Local\Temp\xcAseu4.o
                idloc                            200000   200000        8        0       5
                config                           300000   300000        E        0       4
                init                                  0        0        4        0       0
dist/default/production\once.X.production.o
                idloc                            200000   200000        8        0       5
                config                           300000   300000        E        0       4
                smallconst                          600      600       3E      300       0
                text23                             105C     105C       A4      31F       0
                text22                             1100     1100       88      31F       0
                text21                              D08      D08      16A      31F       0
                text20                              88C      88C      24E      31F       0
                text19                             1430     1430       2A      31F       0
                text18                             1406     1406       2A      31F       0
                text17                             129C     129C       4E      31F       0
                text16                              E72      E72      136      31F       0
                text15                              63E      63E      24E      31F       0
                text14                             132C     132C       3E      31F       0
                text13                             13A4     13A4       32      31F       0
                text12                             14D2     14D2        A      31F       0
                text11                             13D6     13D6       30      31F       0
                text10                             14DC     14DC        2      31F       0
                text9                              12EA     12EA       42      31F       0
                text8                              11EC     11EC       5A      31F       0
                text7                              149E     149E       1E      31F       0
                text6                              145A     145A       26      31F       0
                text5                               FA8      FA8       B4      31F       0
                text4                              136A     136A       3A      31F       0
                text3                              1480     1480       1E      31F       0
                text2                              1246     1246       56      31F       0
                text1                              1188     1188       64      31F       0
                text0                               ADA      ADA      22E      31F       0
                cstackCOMRAM                          1        1       20        1       1
                bssCOMRAM                            21       21        C        1       1
                cinit                              14BC     14BC       16      31F       0

TOTAL           Name                               Link     Load   Length     Space
        CLASS   STACK          

        CLASS   CODE           
                init                                  0        0        4         0
                text23                             105C     105C       A4         0
                text22                             1100     1100       88         0
                text21                              D08      D08      16A         0
                text20                              88C      88C      24E         0
                text19                             1430     1430       2A         0
                text18                             1406     1406       2A         0
                text17                             129C     129C       4E         0
                text16                              E72      E72      136         0
                text15                              63E      63E      24E         0
                text14                             132C     132C       3E         0
                text13                             13A4     13A4       32         0
                text12                             14D2     14D2        A         0
                text11                             13D6     13D6       30         0
                text10                             14DC     14DC        2         0
                text9                              12EA     12EA       42         0
                text8                              11EC     11EC       5A         0
                text7                              149E     149E       1E         0
                text6                              145A     145A       26         0
                text5                               FA8      FA8       B4         0
                text4                              136A     136A       3A         0
                text3                              1480     1480       1E         0
                text2                              1246     1246       56         0
                text1                              1188     1188       64         0
                text0                               ADA      ADA      22E         0
                cinit                              14BC     14BC       16         0

        CLASS   CONST          

        CLASS   SMALLCONST     
                smallconst                          600      600       3E         0

        CLASS   MEDIUMCONST    

        CLASS   COMRAM         
                cstackCOMRAM                          1        1       20         1
                bssCOMRAM                            21       21        C         1

        CLASS   ABS1           

        CLASS   BIGRAM         

        CLASS   RAM            

        CLASS   BANK0          

        CLASS   BANK1          

        CLASS   BANK2          

        CLASS   BANK3          

        CLASS   BANK4          

        CLASS   BANK5          

        CLASS   SFR            

        CLASS   CONFIG         
                config                           300000   300000        E         4

        CLASS   IDLOC          
                idloc                            200000   200000        8         5

        CLASS   EEDATA         

        CLASS   FARRAM         



SEGMENTS        Name                           Load    Length   Top    Selector   Space  Class

                reset_vec                      000000  000004  000004         0       0  CODE    
                cstackCOMRAM                   000001  00002C  00002D         1       1  COMRAM  
                smallconst                     000600  00003E  00063E       300       0  SMALLCON
                text15                         00063E  000EA0  0014DE       31F       0  CODE    


UNUSED ADDRESS RANGES

        Name                Unused          Largest block    Delta
        BANK0            000080-0000FF               80
        BANK1            000100-0001FF              100
        BANK2            000200-0002FF              100
        BANK3            000300-0003FF              100
        BANK4            000400-0004FF              100
        BANK5            000500-0005FF              100
        BIGRAM           00002D-0005FF              5D3
        CODE             000004-0005FF              5FC
                         0014DE-007FFF             6B22
        COMRAM           00002D-00007F               53
        CONST            000004-0005FF              5FC
                         0014DE-007FFF             6B22
        EEDATA           F00000-F000FF              100
        MEDIUMCONST      0014DE-007FFF             6B22
        RAM              000080-0005FF              100
        SFR              000F80-000FFF               80
        SMALLCONST       0014DE-007FFF              100
        STACK            000080-0005FF              580

                                  Symbol Table

?___lldiv                cstackCOMRAM 000001
?___llmod                cstackCOMRAM 00000E
?_digitalRead            cstackCOMRAM 000001
?_kpRead                 cstackCOMRAM 000001
_ADCON0                  (abs)        000FC2
_ADCON1                  (abs)        000FC1
_ADCON2                  (abs)        000FC0
_ADRESH                  (abs)        000FC4
_ADRESL                  (abs)        000FC3
_BAUDCON                 (abs)        000FB8
_INTCON                  (abs)        000FF2
_PIR1                    (abs)        000F9E
_PORTA                   (abs)        000F80
_PORTB                   (abs)        000F81
_PORTC                   (abs)        000F82
_PORTD                   (abs)        000F83
_PORTE                   (abs)        000F84
_PulseClockData          text19       001430
_PulseEnClock            text18       001406
_RCREG                   (abs)        000FAE
_RCSTA                   (abs)        000FAB
_SPBRG                   (abs)        000FAF
_SPBRGH                  (abs)        000FB0
_T0CON                   (abs)        000FD5
_TMR0H                   (abs)        000FD7
_TMR0L                   (abs)        000FD6
_TRISA                   (abs)        000F92
_TRISB                   (abs)        000F93
_TRISC                   (abs)        000F94
_TRISD                   (abs)        000F95
_TRISE                   (abs)        000F96
_TXREG                   (abs)        000FAD
_TXSTA                   (abs)        000FAC
__HRAM                   (abs)        000000
__Habs1                  abs1         000000
__Hbank0                 bank0        000000
__Hbank1                 bank1        000000
__Hbank2                 bank2        000000
__Hbank3                 bank3        000000
__Hbank4                 bank4        000000
__Hbank5                 bank5        000000
__Hbigbss                bigbss       000000
__Hbigdata               bigdata      000000
__Hbigram                bigram       000000
__Hbss                   bss          000000
__HbssCOMRAM             bssCOMRAM    000000
__Hcinit                 cinit        000000
__Hclrtext               clrtext      000000
__Hcomram                comram       000000
__Hconfig                config       30000E
__Hconst                 const        000000
__HcstackCOMRAM          cstackCOMRAM 000000
__Hdata                  data         000000
__Heeprom_data           eeprom_data  000000
__Hfarbss                farbss       000000
__Hfardata               fardata      000000
__Hibigdata              ibigdata     000000
__Hidata                 idata        000000
__Hidloc                 idloc        200008
__Hifardata              ifardata     000000
__Hinit                  init         000004
__Hintcode               intcode      000000
__Hintcode_body          intcode_body 000000
__Hintcodelo             intcodelo    000000
__Hintentry              intentry     000000
__Hintret                intret       000000
__Hintsave_regs          intsave_regs 000000
__Hirdata                irdata       000000
__Hmediumconst           mediumconst  000000
__HnvFARRAM              nvFARRAM     000000
__Hnvbit                 nvbit        000000
__Hnvrram                nvrram       000000
__Hparam                 rparam       000000
__Hpowerup               powerup      000000
__Hram                   ram          000000
__Hramtop                ramtop       000600
__Hrbit                  rbit         000000
__Hrbss                  rbss         000000
__Hrdata                 rdata        000000
__Hreset_vec             reset_vec    000000
__Hrparam                rparam       000000
__Hsfr                   sfr          000000
__Hsmallconst            smallconst   00063E
__Hspace_0               (abs)        0014DE
__Hspace_1               (abs)        00002D
__Hspace_2               (abs)        000000
__Hspace_4               (abs)        60000E
__Hstack                 stack        000000
__Hstruct                struct       000000
__Htemp                  temp         000000
__Htext                  text         000000
__Htext0                 text0        000000
__Htext1                 text1        000000
__Htext10                text10       000000
__Htext11                text11       000000
__Htext12                text12       000000
__Htext13                text13       000000
__Htext14                text14       000000
__Htext15                text15       000000
__Htext16                text16       000000
__Htext17                text17       000000
__Htext18                text18       000000
__Htext19                text19       000000
__Htext2                 text2        000000
__Htext20                text20       000000
__Htext21                text21       000000
__Htext22                text22       000000
__Htext23                text23       000000
__Htext3                 text3        000000
__Htext4                 text4        000000
__Htext5                 text5        000000
__Htext6                 text6        000000
__Htext7                 text7        000000
__Htext8                 text8        000000
__Htext9                 text9        000000
__LRAM                   (abs)        000001
__Labs1                  abs1         000000
__Lbank0                 bank0        000000
__Lbank1                 bank1        000000
__Lbank2                 bank2        000000
__Lbank3                 bank3        000000
__Lbank4                 bank4        000000
__Lbank5                 bank5        000000
__Lbigbss                bigbss       000000
__Lbigdata               bigdata      000000
__Lbigram                bigram       000000
__Lbss                   bss          000000
__LbssCOMRAM             bssCOMRAM    000000
__Lcinit                 cinit        000000
__Lclrtext               clrtext      000000
__Lcomram                comram       000000
__Lconfig                config       000000
__Lconst                 const        000000
__LcstackCOMRAM          cstackCOMRAM 000000
__Ldata                  data         000000
__Leeprom_data           eeprom_data  000000
__Lfarbss                farbss       000000
__Lfardata               fardata      000000
__Libigdata              ibigdata     000000
__Lidata                 idata        000000
__Lidloc                 idloc        000000
__Lifardata              ifardata     000000
__Linit                  init         000000
__Lintcode               intcode      000000
__Lintcode_body          intcode_body 000000
__Lintcodelo             intcodelo    000000
__Lintentry              intentry     000000
__Lintret                intret       000000
__Lintsave_regs          intsave_regs 000000
__Lirdata                irdata       000000
__Lmediumconst           mediumconst  000000
__LnvFARRAM              nvFARRAM     000000
__Lnvbit                 nvbit        000000
__Lnvrram                nvrram       000000
__Lparam                 rparam       000000
__Lpowerup               powerup      000000
__Lram                   ram          000000
__Lramtop                ramtop       000600
__Lrbit                  rbit         000000
__Lrbss                  rbss         000000
__Lrdata                 rdata        000000
__Lreset_vec             reset_vec    000000
__Lrparam                rparam       000000
__Lsfr                   sfr          000000
__Lsmallconst            smallconst   000600
__Lspace_0               (abs)        000000
__Lspace_1               (abs)        000000
__Lspace_2               (abs)        000000
__Lspace_4               (abs)        000000
__Lstack                 stack        000000
__Lstruct                struct       000000
__Ltemp                  temp         000000
__Ltext                  text         000000
__Ltext0                 text0        000000
__Ltext1                 text1        000000
__Ltext10                text10       000000
__Ltext11                text11       000000
__Ltext12                text12       000000
__Ltext13                text13       000000
__Ltext14                text14       000000
__Ltext15                text15       000000
__Ltext16                text16       000000
__Ltext17                text17       000000
__Ltext18                text18       000000
__Ltext19                text19       000000
__Ltext2                 text2        000000
__Ltext20                text20       000000
__Ltext21                text21       000000
__Ltext22                text22       000000
__Ltext23                text23       000000
__Ltext3                 text3        000000
__Ltext4                 text4        000000
__Ltext5                 text5        000000
__Ltext6                 text6        000000
__Ltext7                 text7        000000
__Ltext8                 text8        000000
__Ltext9                 text9        000000
__S0                     (abs)        0014DE
__S1                     (abs)        00002D
__S2                     (abs)        000000
__S4                     (abs)        000000
__S5                     (abs)        000000
___inthi_sp              stack        000000
___intlo_sp              stack        000000
___lldiv                 text23       00105C
___lldiv@counter         cstackCOMRAM 00000D
___lldiv@dividend        cstackCOMRAM 000001
___lldiv@divisor         cstackCOMRAM 000005
___lldiv@quotient        cstackCOMRAM 000009
___llmod                 text22       001100
___llmod@counter         cstackCOMRAM 000016
___llmod@dividend        cstackCOMRAM 00000E
___llmod@divisor         cstackCOMRAM 000012
___param_bank            (abs)        000000
___rparam_used           (abs)        000001
___sp                    stack        000000
__accesstop              (abs)        000080
__activetblptr           (abs)        000002
__end_of_PulseClockData  text19       00145A
__end_of_PulseEnClock    text18       001430
__end_of___lldiv         text23       001100
__end_of___llmod         text22       001188
__end_of__initialization cinit        0014C8
__end_of_charKey         smallconst   00061B
__end_of_delayMicro      text10       0014DE
__end_of_delayMili       text11       001406
__end_of_digitalRead     text21       000E72
__end_of_digitalWrite    text20       000ADA
__end_of_kpDebounce      text16       000FA8
__end_of_kpInit          text13       0013D6
__end_of_kpRead          text12       0014DC
__end_of_lcdChar         text3        00149E
__end_of_lcdCommand      text7        0014BC
__end_of_lcdInit         text5        00105C
__end_of_lcdPosition     text4        0013A4
__end_of_lcdString       text2        00129C
__end_of_main            text0        000D08
__end_of_pinMode         text15       00088C
__end_of_pulseEnablePin  text9        00132C
__end_of_pushByte        text8        001246
__end_of_pushNibble      text6        001480
__end_of_soInit          text14       00136A
__end_of_soWrite         text17       0012EA
__end_of_temp            text1        0011EC
__end_of_valor           smallconst   000611
__initialization         cinit        0014BC
__mediumconst            mediumconst  000000
__pbssCOMRAM             bssCOMRAM    000021
__pcinit                 cinit        0014BC
__pcstackCOMRAM          cstackCOMRAM 000001
__psmallconst            smallconst   000600
__ptext0                 text0        000ADA
__ptext1                 text1        001188
__ptext10                text10       0014DC
__ptext11                text11       0013D6
__ptext12                text12       0014D2
__ptext13                text13       0013A4
__ptext14                text14       00132C
__ptext15                text15       00063E
__ptext16                text16       000E72
__ptext17                text17       00129C
__ptext18                text18       001406
__ptext19                text19       001430
__ptext2                 text2        001246
__ptext20                text20       00088C
__ptext21                text21       000D08
__ptext22                text22       001100
__ptext23                text23       00105C
__ptext3                 text3        001480
__ptext4                 text4        00136A
__ptext5                 text5        000FA8
__ptext6                 text6        00145A
__ptext7                 text7        00149E
__ptext8                 text8        0011EC
__ptext9                 text9        0012EA
__ramtop                 ramtop       000600
__size_of_PulseClockData (abs)        000000
__size_of_PulseEnClock   (abs)        000000
__size_of___lldiv        (abs)        000000
__size_of___llmod        (abs)        000000
__size_of_delayMicro     (abs)        000000
__size_of_delayMili      (abs)        000000
__size_of_digitalRead    (abs)        000000
__size_of_digitalWrite   (abs)        000000
__size_of_kpDebounce     (abs)        000000
__size_of_kpInit         (abs)        000000
__size_of_kpRead         (abs)        000000
__size_of_lcdChar        (abs)        000000
__size_of_lcdCommand     (abs)        000000
__size_of_lcdInit        (abs)        000000
__size_of_lcdPosition    (abs)        000000
__size_of_lcdString      (abs)        000000
__size_of_main           (abs)        000000
__size_of_pinMode        (abs)        000000
__size_of_pulseEnablePin (abs)        000000
__size_of_pushByte       (abs)        000000
__size_of_pushNibble     (abs)        000000
__size_of_soInit         (abs)        000000
__size_of_soWrite        (abs)        000000
__size_of_temp           (abs)        000000
__smallconst             smallconst   000600
_delayMicro              text10       0014DC
_delayMili               text11       0013D6
_digitalRead             text21       000D08
_digitalWrite            text20       00088C
_display                 bssCOMRAM    00002B
_keys                    bssCOMRAM    000025
_kpDebounce              text16       000E72
_kpInit                  text13       0013A4
_kpRead                  text12       0014D2
_lcdChar                 text3        001480
_lcdCommand              text7        00149E
_lcdInit                 text5        000FA8
_lcdPosition             text4        00136A
_lcdString               text2        001246
_main                    text0        000ADA
_pinMode                 text15       00063E
_pulseEnablePin          text9        0012EA
_pushByte                text8        0011EC
_pushNibble              text6        00145A
_soInit                  text14       00132C
_soWrite                 text17       00129C
_temp                    text1        001188
_v0                      bssCOMRAM    00002A
_v1                      bssCOMRAM    000029
_v2                      bssCOMRAM    000028
_v3                      bssCOMRAM    000027
_valor                   smallconst   000601
delayMicro@a             cstackCOMRAM 000001
delayMili@a              cstackCOMRAM 000001
delayMili@i              cstackCOMRAM 000004
digitalRead@pin          cstackCOMRAM 000001
digitalWrite@pin         cstackCOMRAM 000001
digitalWrite@value       cstackCOMRAM 000003
end_of_initialization    cinit        0014C8
intlevel0                text         000000
intlevel1                text         000000
intlevel2                text         000000
intlevel3                text         000000
isa$std                  (abs)        000001
isa$xinst                (abs)        000000
kpDebounce@i             cstackCOMRAM 00000D
kpDebounce@newRead       bssCOMRAM    000023
kpDebounce@oldRead       bssCOMRAM    000021
kpDebounce@tempo         bssCOMRAM    00002C
lcdChar@value            cstackCOMRAM 00000E
lcdCommand@value         cstackCOMRAM 00000E
lcdPosition@col          cstackCOMRAM 000011
lcdPosition@line         cstackCOMRAM 00000F
lcdString@i              cstackCOMRAM 000013
lcdString@msg            cstackCOMRAM 00000F
main@cont                cstackCOMRAM 000017
main@rels                cstackCOMRAM 00001B
main@tecla               cstackCOMRAM 00001F
pinMode@pin              cstackCOMRAM 000001
pinMode@type             cstackCOMRAM 000003
pushByte@rs              cstackCOMRAM 00000A
pushByte@value           cstackCOMRAM 00000D
pushNibble@rs            cstackCOMRAM 00000A
pushNibble@value         cstackCOMRAM 00000C
soWrite@i                cstackCOMRAM 000009
soWrite@value            cstackCOMRAM 000007
stackhi                  (abs)        0005FF
stacklo                  (abs)        000080
start                    init         000000
start_initialization     cinit        0014BC
temp@X                   cstackCOMRAM 000001
temp@i                   cstackCOMRAM 000003
temp@j                   cstackCOMRAM 000005
temp@k                   cstackCOMRAM 000006


MODULE INFORMATION

Module		Function		Class		Link	Load	Size
keypad.c
		_kpInit        		CODE           	13A4	0000	50
		_kpDebounce    		CODE           	0E72	0000	310
		_kpRead        		CODE           	14D2	0000	10

keypad.c estimated size: 370

so.c
		_soInit        		CODE           	132C	0000	62
		_soWrite       		CODE           	129C	0000	78
		_PulseEnClock  		CODE           	1406	0000	42
		_PulseClockData		CODE           	1430	0000	42

so.c estimated size: 224

io.c
		_digitalRead   		CODE           	0D08	0000	362
		_digitalWrite  		CODE           	088C	0000	590
		_pinMode       		CODE           	063E	0000	590

io.c estimated size: 1542

C:\Program Files\Microchip\xc8\v2.32\pic\sources\c99\common\llmod.c
		___llmod       		CODE           	1100	0000	136

C:\Program Files\Microchip\xc8\v2.32\pic\sources\c99\common\llmod.c estimated size: 136

shared
		_valor         		SMALLCONST     	0601	0000	16
		_charKey       		SMALLCONST     	0000	0000	0
		__initialization		CODE           	14BC	0000	12

shared estimated size: 28

lcd.c
		_lcdCommand    		CODE           	149E	0000	30
		_lcdChar       		CODE           	1480	0000	30
		_lcdString     		CODE           	1246	0000	86
		_pulseEnablePin		CODE           	12EA	0000	66
		_pushByte      		CODE           	11EC	0000	90
		_lcdPosition   		CODE           	136A	0000	58
		_pushNibble    		CODE           	145A	0000	38
		_lcdInit       		CODE           	0FA8	0000	180
		_delayMili     		CODE           	13D6	0000	48
		_delayMicro    		CODE           	14DC	0000	2

lcd.c estimated size: 628

C:\Program Files\Microchip\xc8\v2.32\pic\sources\c99\common\__lldiv.c
		___lldiv       		CODE           	105C	0000	164

C:\Program Files\Microchip\xc8\v2.32\pic\sources\c99\common\__lldiv.c estimated size: 164

main.c
		_main          		CODE           	0ADA	0000	558
		_temp          		CODE           	1188	0000	100

main.c estimated size: 658

